[2025-09-19 03:23:31] local.ERROR: Class "Illuminate\Database\DB" not found {"exception":"[object] (Error(code: 0): Class \"Illuminate\\Database\\DB\" not found at /home/aldebaran/Project/Laravel-Project/Project-002/Auth_Laravel/database/seeders/UserSeeder.php:17)
[stacktrace]
#0 /home/aldebaran/Project/Laravel-Project/Project-002/Auth_Laravel/vendor/laravel/framework/src/Illuminate/Container/BoundMethod.php(36): Database\\Seeders\\UserSeeder->run()
#1 /home/aldebaran/Project/Laravel-Project/Project-002/Auth_Laravel/vendor/laravel/framework/src/Illuminate/Container/Util.php(43): Illuminate\\Container\\BoundMethod::Illuminate\\Container\\{closure}()
#2 /home/aldebaran/Project/Laravel-Project/Project-002/Auth_Laravel/vendor/laravel/framework/src/Illuminate/Container/BoundMethod.php(96): Illuminate\\Container\\Util::unwrapIfClosure()
#3 /home/aldebaran/Project/Laravel-Project/Project-002/Auth_Laravel/vendor/laravel/framework/src/Illuminate/Container/BoundMethod.php(35): Illuminate\\Container\\BoundMethod::callBoundMethod()
#4 /home/aldebaran/Project/Laravel-Project/Project-002/Auth_Laravel/vendor/laravel/framework/src/Illuminate/Container/Container.php(836): Illuminate\\Container\\BoundMethod::call()
#5 /home/aldebaran/Project/Laravel-Project/Project-002/Auth_Laravel/vendor/laravel/framework/src/Illuminate/Database/Seeder.php(184): Illuminate\\Container\\Container->call()
#6 /home/aldebaran/Project/Laravel-Project/Project-002/Auth_Laravel/vendor/laravel/framework/src/Illuminate/Database/Seeder.php(193): Illuminate\\Database\\Seeder->Illuminate\\Database\\{closure}()
#7 /home/aldebaran/Project/Laravel-Project/Project-002/Auth_Laravel/vendor/laravel/framework/src/Illuminate/Database/Console/Seeds/SeedCommand.php(71): Illuminate\\Database\\Seeder->__invoke()
#8 /home/aldebaran/Project/Laravel-Project/Project-002/Auth_Laravel/vendor/laravel/framework/src/Illuminate/Database/Eloquent/Concerns/GuardsAttributes.php(157): Illuminate\\Database\\Console\\Seeds\\SeedCommand->Illuminate\\Database\\Console\\Seeds\\{closure}()
#9 /home/aldebaran/Project/Laravel-Project/Project-002/Auth_Laravel/vendor/laravel/framework/src/Illuminate/Database/Console/Seeds/SeedCommand.php(70): Illuminate\\Database\\Eloquent\\Model::unguarded()
#10 /home/aldebaran/Project/Laravel-Project/Project-002/Auth_Laravel/vendor/laravel/framework/src/Illuminate/Container/BoundMethod.php(36): Illuminate\\Database\\Console\\Seeds\\SeedCommand->handle()
#11 /home/aldebaran/Project/Laravel-Project/Project-002/Auth_Laravel/vendor/laravel/framework/src/Illuminate/Container/Util.php(43): Illuminate\\Container\\BoundMethod::Illuminate\\Container\\{closure}()
#12 /home/aldebaran/Project/Laravel-Project/Project-002/Auth_Laravel/vendor/laravel/framework/src/Illuminate/Container/BoundMethod.php(96): Illuminate\\Container\\Util::unwrapIfClosure()
#13 /home/aldebaran/Project/Laravel-Project/Project-002/Auth_Laravel/vendor/laravel/framework/src/Illuminate/Container/BoundMethod.php(35): Illuminate\\Container\\BoundMethod::callBoundMethod()
#14 /home/aldebaran/Project/Laravel-Project/Project-002/Auth_Laravel/vendor/laravel/framework/src/Illuminate/Container/Container.php(836): Illuminate\\Container\\BoundMethod::call()
#15 /home/aldebaran/Project/Laravel-Project/Project-002/Auth_Laravel/vendor/laravel/framework/src/Illuminate/Console/Command.php(211): Illuminate\\Container\\Container->call()
#16 /home/aldebaran/Project/Laravel-Project/Project-002/Auth_Laravel/vendor/symfony/console/Command/Command.php(318): Illuminate\\Console\\Command->execute()
#17 /home/aldebaran/Project/Laravel-Project/Project-002/Auth_Laravel/vendor/laravel/framework/src/Illuminate/Console/Command.php(180): Symfony\\Component\\Console\\Command\\Command->run()
#18 /home/aldebaran/Project/Laravel-Project/Project-002/Auth_Laravel/vendor/symfony/console/Application.php(1110): Illuminate\\Console\\Command->run()
#19 /home/aldebaran/Project/Laravel-Project/Project-002/Auth_Laravel/vendor/symfony/console/Application.php(359): Symfony\\Component\\Console\\Application->doRunCommand()
#20 /home/aldebaran/Project/Laravel-Project/Project-002/Auth_Laravel/vendor/symfony/console/Application.php(194): Symfony\\Component\\Console\\Application->doRun()
#21 /home/aldebaran/Project/Laravel-Project/Project-002/Auth_Laravel/vendor/laravel/framework/src/Illuminate/Foundation/Console/Kernel.php(197): Symfony\\Component\\Console\\Application->run()
#22 /home/aldebaran/Project/Laravel-Project/Project-002/Auth_Laravel/vendor/laravel/framework/src/Illuminate/Foundation/Application.php(1235): Illuminate\\Foundation\\Console\\Kernel->handle()
#23 /home/aldebaran/Project/Laravel-Project/Project-002/Auth_Laravel/artisan(16): Illuminate\\Foundation\\Application->handleCommand()
#24 {main}
"} 
[2025-09-19 03:24:01] local.ERROR: Class "Illuminate\Support\Database\DB" not found {"exception":"[object] (Error(code: 0): Class \"Illuminate\\Support\\Database\\DB\" not found at /home/aldebaran/Project/Laravel-Project/Project-002/Auth_Laravel/database/seeders/UserSeeder.php:17)
[stacktrace]
#0 /home/aldebaran/Project/Laravel-Project/Project-002/Auth_Laravel/vendor/laravel/framework/src/Illuminate/Container/BoundMethod.php(36): Database\\Seeders\\UserSeeder->run()
#1 /home/aldebaran/Project/Laravel-Project/Project-002/Auth_Laravel/vendor/laravel/framework/src/Illuminate/Container/Util.php(43): Illuminate\\Container\\BoundMethod::Illuminate\\Container\\{closure}()
#2 /home/aldebaran/Project/Laravel-Project/Project-002/Auth_Laravel/vendor/laravel/framework/src/Illuminate/Container/BoundMethod.php(96): Illuminate\\Container\\Util::unwrapIfClosure()
#3 /home/aldebaran/Project/Laravel-Project/Project-002/Auth_Laravel/vendor/laravel/framework/src/Illuminate/Container/BoundMethod.php(35): Illuminate\\Container\\BoundMethod::callBoundMethod()
#4 /home/aldebaran/Project/Laravel-Project/Project-002/Auth_Laravel/vendor/laravel/framework/src/Illuminate/Container/Container.php(836): Illuminate\\Container\\BoundMethod::call()
#5 /home/aldebaran/Project/Laravel-Project/Project-002/Auth_Laravel/vendor/laravel/framework/src/Illuminate/Database/Seeder.php(184): Illuminate\\Container\\Container->call()
#6 /home/aldebaran/Project/Laravel-Project/Project-002/Auth_Laravel/vendor/laravel/framework/src/Illuminate/Database/Seeder.php(193): Illuminate\\Database\\Seeder->Illuminate\\Database\\{closure}()
#7 /home/aldebaran/Project/Laravel-Project/Project-002/Auth_Laravel/vendor/laravel/framework/src/Illuminate/Database/Console/Seeds/SeedCommand.php(71): Illuminate\\Database\\Seeder->__invoke()
#8 /home/aldebaran/Project/Laravel-Project/Project-002/Auth_Laravel/vendor/laravel/framework/src/Illuminate/Database/Eloquent/Concerns/GuardsAttributes.php(157): Illuminate\\Database\\Console\\Seeds\\SeedCommand->Illuminate\\Database\\Console\\Seeds\\{closure}()
#9 /home/aldebaran/Project/Laravel-Project/Project-002/Auth_Laravel/vendor/laravel/framework/src/Illuminate/Database/Console/Seeds/SeedCommand.php(70): Illuminate\\Database\\Eloquent\\Model::unguarded()
#10 /home/aldebaran/Project/Laravel-Project/Project-002/Auth_Laravel/vendor/laravel/framework/src/Illuminate/Container/BoundMethod.php(36): Illuminate\\Database\\Console\\Seeds\\SeedCommand->handle()
#11 /home/aldebaran/Project/Laravel-Project/Project-002/Auth_Laravel/vendor/laravel/framework/src/Illuminate/Container/Util.php(43): Illuminate\\Container\\BoundMethod::Illuminate\\Container\\{closure}()
#12 /home/aldebaran/Project/Laravel-Project/Project-002/Auth_Laravel/vendor/laravel/framework/src/Illuminate/Container/BoundMethod.php(96): Illuminate\\Container\\Util::unwrapIfClosure()
#13 /home/aldebaran/Project/Laravel-Project/Project-002/Auth_Laravel/vendor/laravel/framework/src/Illuminate/Container/BoundMethod.php(35): Illuminate\\Container\\BoundMethod::callBoundMethod()
#14 /home/aldebaran/Project/Laravel-Project/Project-002/Auth_Laravel/vendor/laravel/framework/src/Illuminate/Container/Container.php(836): Illuminate\\Container\\BoundMethod::call()
#15 /home/aldebaran/Project/Laravel-Project/Project-002/Auth_Laravel/vendor/laravel/framework/src/Illuminate/Console/Command.php(211): Illuminate\\Container\\Container->call()
#16 /home/aldebaran/Project/Laravel-Project/Project-002/Auth_Laravel/vendor/symfony/console/Command/Command.php(318): Illuminate\\Console\\Command->execute()
#17 /home/aldebaran/Project/Laravel-Project/Project-002/Auth_Laravel/vendor/laravel/framework/src/Illuminate/Console/Command.php(180): Symfony\\Component\\Console\\Command\\Command->run()
#18 /home/aldebaran/Project/Laravel-Project/Project-002/Auth_Laravel/vendor/symfony/console/Application.php(1110): Illuminate\\Console\\Command->run()
#19 /home/aldebaran/Project/Laravel-Project/Project-002/Auth_Laravel/vendor/symfony/console/Application.php(359): Symfony\\Component\\Console\\Application->doRunCommand()
#20 /home/aldebaran/Project/Laravel-Project/Project-002/Auth_Laravel/vendor/symfony/console/Application.php(194): Symfony\\Component\\Console\\Application->doRun()
#21 /home/aldebaran/Project/Laravel-Project/Project-002/Auth_Laravel/vendor/laravel/framework/src/Illuminate/Foundation/Console/Kernel.php(197): Symfony\\Component\\Console\\Application->run()
#22 /home/aldebaran/Project/Laravel-Project/Project-002/Auth_Laravel/vendor/laravel/framework/src/Illuminate/Foundation/Application.php(1235): Illuminate\\Foundation\\Console\\Kernel->handle()
#23 /home/aldebaran/Project/Laravel-Project/Project-002/Auth_Laravel/artisan(16): Illuminate\\Foundation\\Application->handleCommand()
#24 {main}
"} 
[2025-09-19 03:27:12] local.ERROR: This password does not use the Bcrypt algorithm. {"exception":"[object] (RuntimeException(code: 0): This password does not use the Bcrypt algorithm. at /home/aldebaran/Project/Laravel-Project/Project-002/Auth_Laravel/vendor/laravel/framework/src/Illuminate/Hashing/BcryptHasher.php:88)
[stacktrace]
#0 /home/aldebaran/Project/Laravel-Project/Project-002/Auth_Laravel/vendor/laravel/framework/src/Illuminate/Hashing/HashManager.php(76): Illuminate\\Hashing\\BcryptHasher->check()
#1 /home/aldebaran/Project/Laravel-Project/Project-002/Auth_Laravel/vendor/laravel/framework/src/Illuminate/Auth/EloquentUserProvider.php(158): Illuminate\\Hashing\\HashManager->check()
#2 /home/aldebaran/Project/Laravel-Project/Project-002/Auth_Laravel/vendor/laravel/framework/src/Illuminate/Auth/SessionGuard.php(481): Illuminate\\Auth\\EloquentUserProvider->validateCredentials()
#3 /home/aldebaran/Project/Laravel-Project/Project-002/Auth_Laravel/vendor/laravel/framework/src/Illuminate/Auth/SessionGuard.php(419): Illuminate\\Auth\\SessionGuard->hasValidCredentials()
#4 /home/aldebaran/Project/Laravel-Project/Project-002/Auth_Laravel/vendor/laravel/framework/src/Illuminate/Support/Timebox.php(34): Illuminate\\Auth\\SessionGuard->Illuminate\\Auth\\{closure}()
#5 /home/aldebaran/Project/Laravel-Project/Project-002/Auth_Laravel/vendor/laravel/framework/src/Illuminate/Auth/SessionGuard.php(411): Illuminate\\Support\\Timebox->call()
#6 /home/aldebaran/Project/Laravel-Project/Project-002/Auth_Laravel/vendor/laravel/ui/auth-backend/AuthenticatesUsers.php(86): Illuminate\\Auth\\SessionGuard->attempt()
#7 /home/aldebaran/Project/Laravel-Project/Project-002/Auth_Laravel/vendor/laravel/ui/auth-backend/AuthenticatesUsers.php(46): App\\Http\\Controllers\\Auth\\LoginController->attemptLogin()
#8 /home/aldebaran/Project/Laravel-Project/Project-002/Auth_Laravel/vendor/laravel/framework/src/Illuminate/Routing/Controller.php(54): App\\Http\\Controllers\\Auth\\LoginController->login()
#9 /home/aldebaran/Project/Laravel-Project/Project-002/Auth_Laravel/vendor/laravel/framework/src/Illuminate/Routing/ControllerDispatcher.php(43): Illuminate\\Routing\\Controller->callAction()
#10 /home/aldebaran/Project/Laravel-Project/Project-002/Auth_Laravel/vendor/laravel/framework/src/Illuminate/Routing/Route.php(265): Illuminate\\Routing\\ControllerDispatcher->dispatch()
#11 /home/aldebaran/Project/Laravel-Project/Project-002/Auth_Laravel/vendor/laravel/framework/src/Illuminate/Routing/Route.php(211): Illuminate\\Routing\\Route->runController()
#12 /home/aldebaran/Project/Laravel-Project/Project-002/Auth_Laravel/vendor/laravel/framework/src/Illuminate/Routing/Router.php(822): Illuminate\\Routing\\Route->run()
#13 /home/aldebaran/Project/Laravel-Project/Project-002/Auth_Laravel/vendor/laravel/framework/src/Illuminate/Pipeline/Pipeline.php(180): Illuminate\\Routing\\Router->Illuminate\\Routing\\{closure}()
#14 /home/aldebaran/Project/Laravel-Project/Project-002/Auth_Laravel/vendor/laravel/framework/src/Illuminate/Auth/Middleware/RedirectIfAuthenticated.php(35): Illuminate\\Pipeline\\Pipeline->Illuminate\\Pipeline\\{closure}()
#15 /home/aldebaran/Project/Laravel-Project/Project-002/Auth_Laravel/vendor/laravel/framework/src/Illuminate/Pipeline/Pipeline.php(219): Illuminate\\Auth\\Middleware\\RedirectIfAuthenticated->handle()
#16 /home/aldebaran/Project/Laravel-Project/Project-002/Auth_Laravel/vendor/laravel/framework/src/Illuminate/Routing/Middleware/SubstituteBindings.php(50): Illuminate\\Pipeline\\Pipeline->Illuminate\\Pipeline\\{closure}()
#17 /home/aldebaran/Project/Laravel-Project/Project-002/Auth_Laravel/vendor/laravel/framework/src/Illuminate/Pipeline/Pipeline.php(219): Illuminate\\Routing\\Middleware\\SubstituteBindings->handle()
#18 /home/aldebaran/Project/Laravel-Project/Project-002/Auth_Laravel/vendor/laravel/framework/src/Illuminate/Foundation/Http/Middleware/VerifyCsrfToken.php(87): Illuminate\\Pipeline\\Pipeline->Illuminate\\Pipeline\\{closure}()
#19 /home/aldebaran/Project/Laravel-Project/Project-002/Auth_Laravel/vendor/laravel/framework/src/Illuminate/Pipeline/Pipeline.php(219): Illuminate\\Foundation\\Http\\Middleware\\VerifyCsrfToken->handle()
#20 /home/aldebaran/Project/Laravel-Project/Project-002/Auth_Laravel/vendor/laravel/framework/src/Illuminate/View/Middleware/ShareErrorsFromSession.php(48): Illuminate\\Pipeline\\Pipeline->Illuminate\\Pipeline\\{closure}()
#21 /home/aldebaran/Project/Laravel-Project/Project-002/Auth_Laravel/vendor/laravel/framework/src/Illuminate/Pipeline/Pipeline.php(219): Illuminate\\View\\Middleware\\ShareErrorsFromSession->handle()
#22 /home/aldebaran/Project/Laravel-Project/Project-002/Auth_Laravel/vendor/laravel/framework/src/Illuminate/Session/Middleware/StartSession.php(120): Illuminate\\Pipeline\\Pipeline->Illuminate\\Pipeline\\{closure}()
#23 /home/aldebaran/Project/Laravel-Project/Project-002/Auth_Laravel/vendor/laravel/framework/src/Illuminate/Session/Middleware/StartSession.php(63): Illuminate\\Session\\Middleware\\StartSession->handleStatefulRequest()
#24 /home/aldebaran/Project/Laravel-Project/Project-002/Auth_Laravel/vendor/laravel/framework/src/Illuminate/Pipeline/Pipeline.php(219): Illuminate\\Session\\Middleware\\StartSession->handle()
#25 /home/aldebaran/Project/Laravel-Project/Project-002/Auth_Laravel/vendor/laravel/framework/src/Illuminate/Cookie/Middleware/AddQueuedCookiesToResponse.php(36): Illuminate\\Pipeline\\Pipeline->Illuminate\\Pipeline\\{closure}()
#26 /home/aldebaran/Project/Laravel-Project/Project-002/Auth_Laravel/vendor/laravel/framework/src/Illuminate/Pipeline/Pipeline.php(219): Illuminate\\Cookie\\Middleware\\AddQueuedCookiesToResponse->handle()
#27 /home/aldebaran/Project/Laravel-Project/Project-002/Auth_Laravel/vendor/laravel/framework/src/Illuminate/Cookie/Middleware/EncryptCookies.php(74): Illuminate\\Pipeline\\Pipeline->Illuminate\\Pipeline\\{closure}()
#28 /home/aldebaran/Project/Laravel-Project/Project-002/Auth_Laravel/vendor/laravel/framework/src/Illuminate/Pipeline/Pipeline.php(219): Illuminate\\Cookie\\Middleware\\EncryptCookies->handle()
#29 /home/aldebaran/Project/Laravel-Project/Project-002/Auth_Laravel/vendor/laravel/framework/src/Illuminate/Pipeline/Pipeline.php(137): Illuminate\\Pipeline\\Pipeline->Illuminate\\Pipeline\\{closure}()
#30 /home/aldebaran/Project/Laravel-Project/Project-002/Auth_Laravel/vendor/laravel/framework/src/Illuminate/Routing/Router.php(821): Illuminate\\Pipeline\\Pipeline->then()
#31 /home/aldebaran/Project/Laravel-Project/Project-002/Auth_Laravel/vendor/laravel/framework/src/Illuminate/Routing/Router.php(800): Illuminate\\Routing\\Router->runRouteWithinStack()
#32 /home/aldebaran/Project/Laravel-Project/Project-002/Auth_Laravel/vendor/laravel/framework/src/Illuminate/Routing/Router.php(764): Illuminate\\Routing\\Router->runRoute()
#33 /home/aldebaran/Project/Laravel-Project/Project-002/Auth_Laravel/vendor/laravel/framework/src/Illuminate/Routing/Router.php(753): Illuminate\\Routing\\Router->dispatchToRoute()
#34 /home/aldebaran/Project/Laravel-Project/Project-002/Auth_Laravel/vendor/laravel/framework/src/Illuminate/Foundation/Http/Kernel.php(200): Illuminate\\Routing\\Router->dispatch()
#35 /home/aldebaran/Project/Laravel-Project/Project-002/Auth_Laravel/vendor/laravel/framework/src/Illuminate/Pipeline/Pipeline.php(180): Illuminate\\Foundation\\Http\\Kernel->Illuminate\\Foundation\\Http\\{closure}()
#36 /home/aldebaran/Project/Laravel-Project/Project-002/Auth_Laravel/vendor/laravel/framework/src/Illuminate/Foundation/Http/Middleware/TransformsRequest.php(21): Illuminate\\Pipeline\\Pipeline->Illuminate\\Pipeline\\{closure}()
#37 /home/aldebaran/Project/Laravel-Project/Project-002/Auth_Laravel/vendor/laravel/framework/src/Illuminate/Foundation/Http/Middleware/ConvertEmptyStringsToNull.php(31): Illuminate\\Foundation\\Http\\Middleware\\TransformsRequest->handle()
#38 /home/aldebaran/Project/Laravel-Project/Project-002/Auth_Laravel/vendor/laravel/framework/src/Illuminate/Pipeline/Pipeline.php(219): Illuminate\\Foundation\\Http\\Middleware\\ConvertEmptyStringsToNull->handle()
#39 /home/aldebaran/Project/Laravel-Project/Project-002/Auth_Laravel/vendor/laravel/framework/src/Illuminate/Foundation/Http/Middleware/TransformsRequest.php(21): Illuminate\\Pipeline\\Pipeline->Illuminate\\Pipeline\\{closure}()
#40 /home/aldebaran/Project/Laravel-Project/Project-002/Auth_Laravel/vendor/laravel/framework/src/Illuminate/Foundation/Http/Middleware/TrimStrings.php(51): Illuminate\\Foundation\\Http\\Middleware\\TransformsRequest->handle()
#41 /home/aldebaran/Project/Laravel-Project/Project-002/Auth_Laravel/vendor/laravel/framework/src/Illuminate/Pipeline/Pipeline.php(219): Illuminate\\Foundation\\Http\\Middleware\\TrimStrings->handle()
#42 /home/aldebaran/Project/Laravel-Project/Project-002/Auth_Laravel/vendor/laravel/framework/src/Illuminate/Http/Middleware/ValidatePostSize.php(27): Illuminate\\Pipeline\\Pipeline->Illuminate\\Pipeline\\{closure}()
#43 /home/aldebaran/Project/Laravel-Project/Project-002/Auth_Laravel/vendor/laravel/framework/src/Illuminate/Pipeline/Pipeline.php(219): Illuminate\\Http\\Middleware\\ValidatePostSize->handle()
#44 /home/aldebaran/Project/Laravel-Project/Project-002/Auth_Laravel/vendor/laravel/framework/src/Illuminate/Foundation/Http/Middleware/PreventRequestsDuringMaintenance.php(109): Illuminate\\Pipeline\\Pipeline->Illuminate\\Pipeline\\{closure}()
#45 /home/aldebaran/Project/Laravel-Project/Project-002/Auth_Laravel/vendor/laravel/framework/src/Illuminate/Pipeline/Pipeline.php(219): Illuminate\\Foundation\\Http\\Middleware\\PreventRequestsDuringMaintenance->handle()
#46 /home/aldebaran/Project/Laravel-Project/Project-002/Auth_Laravel/vendor/laravel/framework/src/Illuminate/Http/Middleware/HandleCors.php(48): Illuminate\\Pipeline\\Pipeline->Illuminate\\Pipeline\\{closure}()
#47 /home/aldebaran/Project/Laravel-Project/Project-002/Auth_Laravel/vendor/laravel/framework/src/Illuminate/Pipeline/Pipeline.php(219): Illuminate\\Http\\Middleware\\HandleCors->handle()
#48 /home/aldebaran/Project/Laravel-Project/Project-002/Auth_Laravel/vendor/laravel/framework/src/Illuminate/Http/Middleware/TrustProxies.php(58): Illuminate\\Pipeline\\Pipeline->Illuminate\\Pipeline\\{closure}()
#49 /home/aldebaran/Project/Laravel-Project/Project-002/Auth_Laravel/vendor/laravel/framework/src/Illuminate/Pipeline/Pipeline.php(219): Illuminate\\Http\\Middleware\\TrustProxies->handle()
#50 /home/aldebaran/Project/Laravel-Project/Project-002/Auth_Laravel/vendor/laravel/framework/src/Illuminate/Foundation/Http/Middleware/InvokeDeferredCallbacks.php(22): Illuminate\\Pipeline\\Pipeline->Illuminate\\Pipeline\\{closure}()
#51 /home/aldebaran/Project/Laravel-Project/Project-002/Auth_Laravel/vendor/laravel/framework/src/Illuminate/Pipeline/Pipeline.php(219): Illuminate\\Foundation\\Http\\Middleware\\InvokeDeferredCallbacks->handle()
#52 /home/aldebaran/Project/Laravel-Project/Project-002/Auth_Laravel/vendor/laravel/framework/src/Illuminate/Http/Middleware/ValidatePathEncoding.php(26): Illuminate\\Pipeline\\Pipeline->Illuminate\\Pipeline\\{closure}()
#53 /home/aldebaran/Project/Laravel-Project/Project-002/Auth_Laravel/vendor/laravel/framework/src/Illuminate/Pipeline/Pipeline.php(219): Illuminate\\Http\\Middleware\\ValidatePathEncoding->handle()
#54 /home/aldebaran/Project/Laravel-Project/Project-002/Auth_Laravel/vendor/laravel/framework/src/Illuminate/Pipeline/Pipeline.php(137): Illuminate\\Pipeline\\Pipeline->Illuminate\\Pipeline\\{closure}()
#55 /home/aldebaran/Project/Laravel-Project/Project-002/Auth_Laravel/vendor/laravel/framework/src/Illuminate/Foundation/Http/Kernel.php(175): Illuminate\\Pipeline\\Pipeline->then()
#56 /home/aldebaran/Project/Laravel-Project/Project-002/Auth_Laravel/vendor/laravel/framework/src/Illuminate/Foundation/Http/Kernel.php(144): Illuminate\\Foundation\\Http\\Kernel->sendRequestThroughRouter()
#57 /home/aldebaran/Project/Laravel-Project/Project-002/Auth_Laravel/vendor/laravel/framework/src/Illuminate/Foundation/Application.php(1220): Illuminate\\Foundation\\Http\\Kernel->handle()
#58 /home/aldebaran/Project/Laravel-Project/Project-002/Auth_Laravel/public/index.php(20): Illuminate\\Foundation\\Application->handleRequest()
#59 /home/aldebaran/Project/Laravel-Project/Project-002/Auth_Laravel/vendor/laravel/framework/src/Illuminate/Foundation/resources/server.php(23): require_once('...')
#60 {main}
"} 
[2025-09-19 03:28:57] local.ERROR: SQLSTATE[23000]: Integrity constraint violation: 1062 Duplicate entry 'Aldebaran@gmail.com' for key 'users_email_unique' (Connection: mysql, SQL: insert into `users` (`name`, `email`, `password`) values (Aldebaran, Aldebaran@gmail.com, $2y$12$U07uCRrtgcjka0516xfzBuceNQgz2fdvyubBgDfTeZkl6EflNAdFq)) {"exception":"[object] (Illuminate\\Database\\UniqueConstraintViolationException(code: 23000): SQLSTATE[23000]: Integrity constraint violation: 1062 Duplicate entry 'Aldebaran@gmail.com' for key 'users_email_unique' (Connection: mysql, SQL: insert into `users` (`name`, `email`, `password`) values (Aldebaran, Aldebaran@gmail.com, $2y$12$U07uCRrtgcjka0516xfzBuceNQgz2fdvyubBgDfTeZkl6EflNAdFq)) at /home/aldebaran/Project/Laravel-Project/Project-002/Auth_Laravel/vendor/laravel/framework/src/Illuminate/Database/Connection.php:819)
[stacktrace]
#0 /home/aldebaran/Project/Laravel-Project/Project-002/Auth_Laravel/vendor/laravel/framework/src/Illuminate/Database/Connection.php(778): Illuminate\\Database\\Connection->runQueryCallback()
#1 /home/aldebaran/Project/Laravel-Project/Project-002/Auth_Laravel/vendor/laravel/framework/src/Illuminate/Database/MySqlConnection.php(42): Illuminate\\Database\\Connection->run()
#2 /home/aldebaran/Project/Laravel-Project/Project-002/Auth_Laravel/vendor/laravel/framework/src/Illuminate/Database/Query/Builder.php(3804): Illuminate\\Database\\MySqlConnection->insert()
#3 /home/aldebaran/Project/Laravel-Project/Project-002/Auth_Laravel/database/seeders/UserSeeder.php(17): Illuminate\\Database\\Query\\Builder->insert()
#4 /home/aldebaran/Project/Laravel-Project/Project-002/Auth_Laravel/vendor/laravel/framework/src/Illuminate/Container/BoundMethod.php(36): Database\\Seeders\\UserSeeder->run()
#5 /home/aldebaran/Project/Laravel-Project/Project-002/Auth_Laravel/vendor/laravel/framework/src/Illuminate/Container/Util.php(43): Illuminate\\Container\\BoundMethod::Illuminate\\Container\\{closure}()
#6 /home/aldebaran/Project/Laravel-Project/Project-002/Auth_Laravel/vendor/laravel/framework/src/Illuminate/Container/BoundMethod.php(96): Illuminate\\Container\\Util::unwrapIfClosure()
#7 /home/aldebaran/Project/Laravel-Project/Project-002/Auth_Laravel/vendor/laravel/framework/src/Illuminate/Container/BoundMethod.php(35): Illuminate\\Container\\BoundMethod::callBoundMethod()
#8 /home/aldebaran/Project/Laravel-Project/Project-002/Auth_Laravel/vendor/laravel/framework/src/Illuminate/Container/Container.php(836): Illuminate\\Container\\BoundMethod::call()
#9 /home/aldebaran/Project/Laravel-Project/Project-002/Auth_Laravel/vendor/laravel/framework/src/Illuminate/Database/Seeder.php(184): Illuminate\\Container\\Container->call()
#10 /home/aldebaran/Project/Laravel-Project/Project-002/Auth_Laravel/vendor/laravel/framework/src/Illuminate/Database/Seeder.php(193): Illuminate\\Database\\Seeder->Illuminate\\Database\\{closure}()
#11 /home/aldebaran/Project/Laravel-Project/Project-002/Auth_Laravel/vendor/laravel/framework/src/Illuminate/Database/Console/Seeds/SeedCommand.php(71): Illuminate\\Database\\Seeder->__invoke()
#12 /home/aldebaran/Project/Laravel-Project/Project-002/Auth_Laravel/vendor/laravel/framework/src/Illuminate/Database/Eloquent/Concerns/GuardsAttributes.php(157): Illuminate\\Database\\Console\\Seeds\\SeedCommand->Illuminate\\Database\\Console\\Seeds\\{closure}()
#13 /home/aldebaran/Project/Laravel-Project/Project-002/Auth_Laravel/vendor/laravel/framework/src/Illuminate/Database/Console/Seeds/SeedCommand.php(70): Illuminate\\Database\\Eloquent\\Model::unguarded()
#14 /home/aldebaran/Project/Laravel-Project/Project-002/Auth_Laravel/vendor/laravel/framework/src/Illuminate/Container/BoundMethod.php(36): Illuminate\\Database\\Console\\Seeds\\SeedCommand->handle()
#15 /home/aldebaran/Project/Laravel-Project/Project-002/Auth_Laravel/vendor/laravel/framework/src/Illuminate/Container/Util.php(43): Illuminate\\Container\\BoundMethod::Illuminate\\Container\\{closure}()
#16 /home/aldebaran/Project/Laravel-Project/Project-002/Auth_Laravel/vendor/laravel/framework/src/Illuminate/Container/BoundMethod.php(96): Illuminate\\Container\\Util::unwrapIfClosure()
#17 /home/aldebaran/Project/Laravel-Project/Project-002/Auth_Laravel/vendor/laravel/framework/src/Illuminate/Container/BoundMethod.php(35): Illuminate\\Container\\BoundMethod::callBoundMethod()
#18 /home/aldebaran/Project/Laravel-Project/Project-002/Auth_Laravel/vendor/laravel/framework/src/Illuminate/Container/Container.php(836): Illuminate\\Container\\BoundMethod::call()
#19 /home/aldebaran/Project/Laravel-Project/Project-002/Auth_Laravel/vendor/laravel/framework/src/Illuminate/Console/Command.php(211): Illuminate\\Container\\Container->call()
#20 /home/aldebaran/Project/Laravel-Project/Project-002/Auth_Laravel/vendor/symfony/console/Command/Command.php(318): Illuminate\\Console\\Command->execute()
#21 /home/aldebaran/Project/Laravel-Project/Project-002/Auth_Laravel/vendor/laravel/framework/src/Illuminate/Console/Command.php(180): Symfony\\Component\\Console\\Command\\Command->run()
#22 /home/aldebaran/Project/Laravel-Project/Project-002/Auth_Laravel/vendor/symfony/console/Application.php(1110): Illuminate\\Console\\Command->run()
#23 /home/aldebaran/Project/Laravel-Project/Project-002/Auth_Laravel/vendor/symfony/console/Application.php(359): Symfony\\Component\\Console\\Application->doRunCommand()
#24 /home/aldebaran/Project/Laravel-Project/Project-002/Auth_Laravel/vendor/symfony/console/Application.php(194): Symfony\\Component\\Console\\Application->doRun()
#25 /home/aldebaran/Project/Laravel-Project/Project-002/Auth_Laravel/vendor/laravel/framework/src/Illuminate/Foundation/Console/Kernel.php(197): Symfony\\Component\\Console\\Application->run()
#26 /home/aldebaran/Project/Laravel-Project/Project-002/Auth_Laravel/vendor/laravel/framework/src/Illuminate/Foundation/Application.php(1235): Illuminate\\Foundation\\Console\\Kernel->handle()
#27 /home/aldebaran/Project/Laravel-Project/Project-002/Auth_Laravel/artisan(16): Illuminate\\Foundation\\Application->handleCommand()
#28 {main}

[previous exception] [object] (PDOException(code: 23000): SQLSTATE[23000]: Integrity constraint violation: 1062 Duplicate entry 'Aldebaran@gmail.com' for key 'users_email_unique' at /home/aldebaran/Project/Laravel-Project/Project-002/Auth_Laravel/vendor/laravel/framework/src/Illuminate/Database/MySqlConnection.php:53)
[stacktrace]
#0 /home/aldebaran/Project/Laravel-Project/Project-002/Auth_Laravel/vendor/laravel/framework/src/Illuminate/Database/MySqlConnection.php(53): PDOStatement->execute()
#1 /home/aldebaran/Project/Laravel-Project/Project-002/Auth_Laravel/vendor/laravel/framework/src/Illuminate/Database/Connection.php(811): Illuminate\\Database\\MySqlConnection->Illuminate\\Database\\{closure}()
#2 /home/aldebaran/Project/Laravel-Project/Project-002/Auth_Laravel/vendor/laravel/framework/src/Illuminate/Database/Connection.php(778): Illuminate\\Database\\Connection->runQueryCallback()
#3 /home/aldebaran/Project/Laravel-Project/Project-002/Auth_Laravel/vendor/laravel/framework/src/Illuminate/Database/MySqlConnection.php(42): Illuminate\\Database\\Connection->run()
#4 /home/aldebaran/Project/Laravel-Project/Project-002/Auth_Laravel/vendor/laravel/framework/src/Illuminate/Database/Query/Builder.php(3804): Illuminate\\Database\\MySqlConnection->insert()
#5 /home/aldebaran/Project/Laravel-Project/Project-002/Auth_Laravel/database/seeders/UserSeeder.php(17): Illuminate\\Database\\Query\\Builder->insert()
#6 /home/aldebaran/Project/Laravel-Project/Project-002/Auth_Laravel/vendor/laravel/framework/src/Illuminate/Container/BoundMethod.php(36): Database\\Seeders\\UserSeeder->run()
#7 /home/aldebaran/Project/Laravel-Project/Project-002/Auth_Laravel/vendor/laravel/framework/src/Illuminate/Container/Util.php(43): Illuminate\\Container\\BoundMethod::Illuminate\\Container\\{closure}()
#8 /home/aldebaran/Project/Laravel-Project/Project-002/Auth_Laravel/vendor/laravel/framework/src/Illuminate/Container/BoundMethod.php(96): Illuminate\\Container\\Util::unwrapIfClosure()
#9 /home/aldebaran/Project/Laravel-Project/Project-002/Auth_Laravel/vendor/laravel/framework/src/Illuminate/Container/BoundMethod.php(35): Illuminate\\Container\\BoundMethod::callBoundMethod()
#10 /home/aldebaran/Project/Laravel-Project/Project-002/Auth_Laravel/vendor/laravel/framework/src/Illuminate/Container/Container.php(836): Illuminate\\Container\\BoundMethod::call()
#11 /home/aldebaran/Project/Laravel-Project/Project-002/Auth_Laravel/vendor/laravel/framework/src/Illuminate/Database/Seeder.php(184): Illuminate\\Container\\Container->call()
#12 /home/aldebaran/Project/Laravel-Project/Project-002/Auth_Laravel/vendor/laravel/framework/src/Illuminate/Database/Seeder.php(193): Illuminate\\Database\\Seeder->Illuminate\\Database\\{closure}()
#13 /home/aldebaran/Project/Laravel-Project/Project-002/Auth_Laravel/vendor/laravel/framework/src/Illuminate/Database/Console/Seeds/SeedCommand.php(71): Illuminate\\Database\\Seeder->__invoke()
#14 /home/aldebaran/Project/Laravel-Project/Project-002/Auth_Laravel/vendor/laravel/framework/src/Illuminate/Database/Eloquent/Concerns/GuardsAttributes.php(157): Illuminate\\Database\\Console\\Seeds\\SeedCommand->Illuminate\\Database\\Console\\Seeds\\{closure}()
#15 /home/aldebaran/Project/Laravel-Project/Project-002/Auth_Laravel/vendor/laravel/framework/src/Illuminate/Database/Console/Seeds/SeedCommand.php(70): Illuminate\\Database\\Eloquent\\Model::unguarded()
#16 /home/aldebaran/Project/Laravel-Project/Project-002/Auth_Laravel/vendor/laravel/framework/src/Illuminate/Container/BoundMethod.php(36): Illuminate\\Database\\Console\\Seeds\\SeedCommand->handle()
#17 /home/aldebaran/Project/Laravel-Project/Project-002/Auth_Laravel/vendor/laravel/framework/src/Illuminate/Container/Util.php(43): Illuminate\\Container\\BoundMethod::Illuminate\\Container\\{closure}()
#18 /home/aldebaran/Project/Laravel-Project/Project-002/Auth_Laravel/vendor/laravel/framework/src/Illuminate/Container/BoundMethod.php(96): Illuminate\\Container\\Util::unwrapIfClosure()
#19 /home/aldebaran/Project/Laravel-Project/Project-002/Auth_Laravel/vendor/laravel/framework/src/Illuminate/Container/BoundMethod.php(35): Illuminate\\Container\\BoundMethod::callBoundMethod()
#20 /home/aldebaran/Project/Laravel-Project/Project-002/Auth_Laravel/vendor/laravel/framework/src/Illuminate/Container/Container.php(836): Illuminate\\Container\\BoundMethod::call()
#21 /home/aldebaran/Project/Laravel-Project/Project-002/Auth_Laravel/vendor/laravel/framework/src/Illuminate/Console/Command.php(211): Illuminate\\Container\\Container->call()
#22 /home/aldebaran/Project/Laravel-Project/Project-002/Auth_Laravel/vendor/symfony/console/Command/Command.php(318): Illuminate\\Console\\Command->execute()
#23 /home/aldebaran/Project/Laravel-Project/Project-002/Auth_Laravel/vendor/laravel/framework/src/Illuminate/Console/Command.php(180): Symfony\\Component\\Console\\Command\\Command->run()
#24 /home/aldebaran/Project/Laravel-Project/Project-002/Auth_Laravel/vendor/symfony/console/Application.php(1110): Illuminate\\Console\\Command->run()
#25 /home/aldebaran/Project/Laravel-Project/Project-002/Auth_Laravel/vendor/symfony/console/Application.php(359): Symfony\\Component\\Console\\Application->doRunCommand()
#26 /home/aldebaran/Project/Laravel-Project/Project-002/Auth_Laravel/vendor/symfony/console/Application.php(194): Symfony\\Component\\Console\\Application->doRun()
#27 /home/aldebaran/Project/Laravel-Project/Project-002/Auth_Laravel/vendor/laravel/framework/src/Illuminate/Foundation/Console/Kernel.php(197): Symfony\\Component\\Console\\Application->run()
#28 /home/aldebaran/Project/Laravel-Project/Project-002/Auth_Laravel/vendor/laravel/framework/src/Illuminate/Foundation/Application.php(1235): Illuminate\\Foundation\\Console\\Kernel->handle()
#29 /home/aldebaran/Project/Laravel-Project/Project-002/Auth_Laravel/artisan(16): Illuminate\\Foundation\\Application->handleCommand()
#30 {main}
"} 
[2025-09-19 03:36:41] local.ERROR: There are no commands defined in the "make:" namespace.

Did you mean this?
    make {"exception":"[object] (Symfony\\Component\\Console\\Exception\\NamespaceNotFoundException(code: 0): There are no commands defined in the \"make:\" namespace.

Did you mean this?
    make at /home/aldebaran/Project/Laravel-Project/Project-002/Auth_Laravel/vendor/symfony/console/Application.php:677)
[stacktrace]
#0 /home/aldebaran/Project/Laravel-Project/Project-002/Auth_Laravel/vendor/symfony/console/Application.php(726): Symfony\\Component\\Console\\Application->findNamespace()
#1 /home/aldebaran/Project/Laravel-Project/Project-002/Auth_Laravel/vendor/symfony/console/Application.php(301): Symfony\\Component\\Console\\Application->find()
#2 /home/aldebaran/Project/Laravel-Project/Project-002/Auth_Laravel/vendor/symfony/console/Application.php(194): Symfony\\Component\\Console\\Application->doRun()
#3 /home/aldebaran/Project/Laravel-Project/Project-002/Auth_Laravel/vendor/laravel/framework/src/Illuminate/Foundation/Console/Kernel.php(197): Symfony\\Component\\Console\\Application->run()
#4 /home/aldebaran/Project/Laravel-Project/Project-002/Auth_Laravel/vendor/laravel/framework/src/Illuminate/Foundation/Application.php(1235): Illuminate\\Foundation\\Console\\Kernel->handle()
#5 /home/aldebaran/Project/Laravel-Project/Project-002/Auth_Laravel/artisan(16): Illuminate\\Foundation\\Application->handleCommand()
#6 {main}
"} 
