[2025-09-17 08:06:28] local.ERROR: Command "scheduler" is not defined.

Did you mean one of these?
    schedule:clear-cache
    schedule:interrupt
    schedule:list
    schedule:run
    schedule:test
    schedule:work {"exception":"[object] (Symfony\\Component\\Console\\Exception\\CommandNotFoundException(code: 0): Command \"scheduler\" is not defined.

Did you mean one of these?
    schedule:clear-cache
    schedule:interrupt
    schedule:list
    schedule:run
    schedule:test
    schedule:work at /home/aldebaran/Project/Laravel-Project/Project-002/ShrineComics/vendor/symfony/console/Application.php:743)
[stacktrace]
#0 /home/aldebaran/Project/Laravel-Project/Project-002/ShrineComics/vendor/symfony/console/Application.php(301): Symfony\\Component\\Console\\Application->find()
#1 /home/aldebaran/Project/Laravel-Project/Project-002/ShrineComics/vendor/symfony/console/Application.php(194): Symfony\\Component\\Console\\Application->doRun()
#2 /home/aldebaran/Project/Laravel-Project/Project-002/ShrineComics/vendor/laravel/framework/src/Illuminate/Foundation/Console/Kernel.php(197): Symfony\\Component\\Console\\Application->run()
#3 /home/aldebaran/Project/Laravel-Project/Project-002/ShrineComics/vendor/laravel/framework/src/Illuminate/Foundation/Application.php(1235): Illuminate\\Foundation\\Console\\Kernel->handle()
#4 /home/aldebaran/Project/Laravel-Project/Project-002/ShrineComics/artisan(16): Illuminate\\Foundation\\Application->handleCommand()
#5 {main}
"} 
[2025-09-17 08:08:08] local.ERROR: Command "make:schedule" is not defined.

Did you mean one of these?
    make:cache-table
    make:cast
    make:channel
    make:class
    make:command
    make:component
    make:config
    make:controller
    make:enum
    make:event
    make:exception
    make:factory
    make:interface
    make:job
    make:job-middleware
    make:listener
    make:mail
    make:middleware
    make:migration
    make:model
    make:notification
    make:notifications-table
    make:observer
    make:policy
    make:provider
    make:queue-batches-table
    make:queue-failed-table
    make:queue-table
    make:request
    make:resource
    make:rule
    make:scope
    make:seeder
    make:session-table
    make:test
    make:trait
    make:view {"exception":"[object] (Symfony\\Component\\Console\\Exception\\CommandNotFoundException(code: 0): Command \"make:schedule\" is not defined.

Did you mean one of these?
    make:cache-table
    make:cast
    make:channel
    make:class
    make:command
    make:component
    make:config
    make:controller
    make:enum
    make:event
    make:exception
    make:factory
    make:interface
    make:job
    make:job-middleware
    make:listener
    make:mail
    make:middleware
    make:migration
    make:model
    make:notification
    make:notifications-table
    make:observer
    make:policy
    make:provider
    make:queue-batches-table
    make:queue-failed-table
    make:queue-table
    make:request
    make:resource
    make:rule
    make:scope
    make:seeder
    make:session-table
    make:test
    make:trait
    make:view at /home/aldebaran/Project/Laravel-Project/Project-002/ShrineComics/vendor/symfony/console/Application.php:743)
[stacktrace]
#0 /home/aldebaran/Project/Laravel-Project/Project-002/ShrineComics/vendor/symfony/console/Application.php(301): Symfony\\Component\\Console\\Application->find()
#1 /home/aldebaran/Project/Laravel-Project/Project-002/ShrineComics/vendor/symfony/console/Application.php(194): Symfony\\Component\\Console\\Application->doRun()
#2 /home/aldebaran/Project/Laravel-Project/Project-002/ShrineComics/vendor/laravel/framework/src/Illuminate/Foundation/Console/Kernel.php(197): Symfony\\Component\\Console\\Application->run()
#3 /home/aldebaran/Project/Laravel-Project/Project-002/ShrineComics/vendor/laravel/framework/src/Illuminate/Foundation/Application.php(1235): Illuminate\\Foundation\\Console\\Kernel->handle()
#4 /home/aldebaran/Project/Laravel-Project/Project-002/ShrineComics/artisan(16): Illuminate\\Foundation\\Application->handleCommand()
#5 {main}
"} 
